Signature {
	r: 0x0701719bc8ead104f45f694dd57692b78196378c8fb67e473b35b65b300a2be4
	s: 0x5cb4b5e9eaa782dd29fb22bd63051038964c14278d0388436ab07fcf1da69db1bb1320b1b537c6009e0467f12632b93575eaaba371741146660773da566af090b61ea4d90e6837223490599006d4bc8e7cc6564e7ed967432961fe59b42aed
}
