Signature {
	r: 0x0000000000000000000000000000000000000000000000000000000000000005
	s: 0x000000000000000000000000000000000000000000000000000000000000002d
}

