Key {
	d: 0xe9bd72b2b7894bffb688a1135f6474ae8c214aebec9e6a798531a5d6fb7a4beb
	Q: 0x047ad31f466596bd765b7c7ebdb97ad39473e8fbb0504ed00c7959ca7416d55228d2b603687dcaf2f1d6a72ede72d48cd730e4ca1ce44e555f38c9b6878f32ae95
}
