Key {
	d: 0x0000000000000000000000000000000000000000000000000000000000000004
	Q: 0x0400000000000000000000000000000000000000000000000000000000000000110000000000000000000000000000000000000000000000000000000000000003
}
